{
    "versions": {
        "content": [
            [
                "versions.yml:md5,038a3138460501f8cf5dcd982b1f05aa",
                "versions.yml:md5,292bdd35626995d48ca8fd62ec271da6",
                "versions.yml:md5,d75b59bd3fab61977497f6dbe9641495",
                "versions.yml:md5,ed071ec553aef5aca125b480acf3577d"
            ]
        ],
        "meta": {
            "nf-test": "0.8.4",
            "nextflow": "23.10.1"
        },
        "timestamp": "2024-04-04T17:20:10.103428828"
    }
}
